壁壁壁壁壁壁壁壁壁壁壁壁壁壁壁壁壁壁壁壁壁壁壁壁壁壁壁壁壁壁壁壁壁壁壁壁壁壁壁壁
壁壁壁壁壁壁壁壁壁壁壁壁壁壁壁壁壁壁壁壁壁壁壁壁壁壁壁壁壁壁壁壁壁壁壁壁壁壁壁壁
壁壁壁壁壁壁壁壁壁壁壁壁壁壁壁壁壁壁壁壁壁壁壁壁壁壁壁壁壁壁壁壁壁壁壁壁壁壁壁壁
壁壁壁壁壁壁壁壁壁壁壁壁壁壁壁壁壁壁壁壁壁壁壁壁壁壁壁壁壁壁壁壁壁壁壁壁壁壁壁壁
壁壁壁壁壁壁壁壁壁壁壁壁壁壁壁壁壁壁壁壁壁壁壁壁壁壁壁壁壁壁壁壁壁壁壁壁壁壁壁壁
壁壁壁壁壁壁壁壁壁壁壁壁壁壁壁壁壁壁壁壁壁壁壁壁壁壁壁壁壁壁壁壁壁壁壁壁壁壁壁壁
壁壁壁壁壁壁壁壁壁壁壁壁壁壁壁壁壁壁壁壁壁壁壁壁壁壁壁壁壁壁壁壁壁壁壁壁壁壁壁壁
壁壁壁壁壁壁壁壁壁壁壁壁壁壁壁壁壁壁壁壁壁壁壁壁壁壁壁壁壁壁壁壁壁壁壁壁壁壁壁壁
壁壁壁壁壁壁壁壁壁壁壁壁壁壁壁壁壁壁壁壁壁壁壁壁壁壁壁壁壁壁壁壁壁壁壁壁壁壁壁壁
壁壁壁壁壁壁壁壁壁壁壁壁壁壁壁壁壁壁　　　壁壁壁壁壁壁壁壁壁壁壁壁壁壁壁壁壁壁壁
壁壁壁壁壁壁壁壁壁壁壁壁壁壁壁壁壁　　　　　壁壁壁壁壁壁壁壁壁壁壁壁壁壁壁壁壁壁
壁壁壁壁壁壁壁壁壁壁壁壁壁壁壁壁壁　　　　　壁壁壁壁壁壁壁壁壁壁壁壁壁壁壁壁壁壁
壁壁壁壁壁壁壁壁壁壁壁壁壁壁壁壁壁　　　　　壁壁壁壁壁壁壁壁壁壁壁壁壁壁壁壁壁壁
壁壁壁壁壁壁壁壁壁壁壁壁壁壁壁壁壁　　　　　壁壁壁壁壁壁壁壁壁壁壁壁壁壁壁壁壁壁
壁壁壁壁壁壁壁壁壁壁壁壁壁壁壁壁壁　　　　　壁壁壁壁壁壁壁壁壁壁壁壁壁壁壁壁壁壁
壁壁壁壁壁壁壁壁壁壁壁壁壁壁壁壁壁　　　　　壁壁壁壁壁壁壁壁壁壁壁壁壁壁壁壁壁壁
壁壁壁壁壁壁壁壁壁壁壁壁壁壁壁壁壁壁壁壁壁壁壁壁壁壁壁壁壁壁壁壁壁壁壁壁壁壁壁壁
壁壁壁壁壁壁壁壁壁壁壁壁壁壁壁壁壁壁壁壁壁壁壁壁壁壁壁壁壁壁壁壁壁壁壁壁壁壁壁壁
壁壁壁壁壁壁壁壁壁壁壁壁壁壁壁壁壁壁壁壁壁壁壁壁壁壁壁壁壁壁壁壁壁壁壁壁壁壁壁壁
壁壁壁壁壁壁壁壁壁壁壁壁壁壁壁壁壁壁壁壁壁壁壁壁壁壁壁壁壁壁壁壁壁壁壁壁壁壁壁壁
壁壁壁壁壁壁壁壁壁壁壁壁壁壁壁壁壁壁壁壁壁壁壁壁壁壁壁壁壁壁壁壁壁壁壁壁壁壁壁壁
壁壁壁壁壁壁壁壁壁壁壁壁壁壁壁壁壁壁壁壁壁壁壁壁壁壁壁壁壁壁壁壁壁壁壁壁壁壁壁壁
壁壁壁壁壁壁壁壁壁壁壁壁壁壁壁壁壁壁壁壁壁壁壁壁壁壁壁壁壁壁壁壁壁壁壁壁壁壁壁壁
壁壁壁壁壁壁壁壁壁壁壁壁壁壁壁壁壁壁壁壁壁壁壁壁壁壁壁壁壁壁壁壁壁壁壁壁壁壁壁壁
壁壁壁壁壁壁壁壁壁壁壁壁壁壁壁壁壁壁壁壁壁壁壁壁壁壁壁壁壁壁壁壁壁壁壁壁壁壁壁壁
壁壁壁壁壁壁壁壁壁壁壁壁壁壁壁壁壁壁壁壁壁壁壁壁壁壁壁壁壁壁壁壁壁壁壁壁壁壁壁壁
壁壁壁壁壁壁壁壁壁壁壁壁壁壁壁壁壁壁壁壁壁壁壁壁壁壁壁壁壁壁壁壁壁壁壁壁壁壁壁壁
壁壁壁壁壁壁壁壁壁壁壁壁壁壁壁壁壁壁壁壁壁壁壁壁壁壁壁壁壁壁壁壁壁壁壁壁壁壁壁壁
壁壁壁壁壁壁壁壁壁壁壁壁壁壁壁壁壁壁壁壁壁壁壁壁壁壁壁壁壁壁壁壁壁壁壁壁壁壁壁壁
壁壁壁壁壁壁壁壁壁壁壁壁壁壁壁壁壁壁壁壁壁壁壁壁壁壁壁壁壁壁壁壁壁壁壁壁壁壁壁壁